testfiles/semacheck/teal2/struct-member.in[1:0-1:38]: User defined type cannot have formal type parameters.
testfiles/semacheck/teal2/struct-member.in[1:28-1:36]: Actual type parameters are disallowed for types other than array[T].
testfiles/semacheck/teal2/struct-member.in[3:8-3:18]: Actual type parameters are disallowed for types other than array[T].
