testfiles/semacheck/teal2/struct-member.in[1:1-1:39]: User defined type cannot have formal type parameters.
testfiles/semacheck/teal2/struct-member.in[1:29-1:37]: Actual type parameters are disallowed for types other than array[T].
testfiles/semacheck/teal2/struct-member.in[3:9-3:19]: Actual type parameters are disallowed for types other than array[T].
