Multiple declarations for symbol 'dup_a' at locations: [1:6-1:10], [1:13-1:23].
Multiple declarations for symbol 'DupT' at locations: [3:10-3:13], [3:16-3:19].
Multiple declarations for symbol 'DupFunc' at locations: [3:31-3:37], [3:41-3:47].
Multiple declarations for symbol 'dupMember' at locations: [3:62-3:70], [4:6-4:24].
Multiple declarations for symbol 'dupMethod' at locations: [3:73-3:81], [5:6-5:32].
