Module
  List
  List
    VarDecl
      IdDecl Identifier="f1"
      Opt
      Opt
        CallExpr
          IdUse Identifier="f"
          List
            Access
              IdUse Identifier="y"
    VarDecl
      IdDecl Identifier="f2"
      Opt
      Opt
        OrExpr
          Access
            IdUse Identifier="a"
          Access
            IdUse Identifier="b"
    VarDecl
      IdDecl Identifier="f3"
      Opt
      Opt
        OrExpr
          NotExpr
            Access
              IdUse Identifier="a"
          Access
            IdUse Identifier="b"
    VarDecl
      IdDecl Identifier="f4"
      Opt
      Opt
        OrExpr
          Access
            IdUse Identifier="a"
          NotExpr
            Access
              IdUse Identifier="b"
    VarDecl
      IdDecl Identifier="f5"
      Opt
      Opt
        AddExpr
          Access
            IdUse Identifier="a"
          Access
            IdUse Identifier="c"
    VarDecl
      IdDecl Identifier="f7"
      Opt
      Opt
        AndExpr
          Access
            IdUse Identifier="a"
          AndExpr
            Access
              IdUse Identifier="b"
            Access
              IdUse Identifier="c"
    VarDecl
      IdDecl Identifier="f8"
      Opt
      Opt
        AndExpr
          AndExpr
            Access
              IdUse Identifier="a"
            Access
              IdUse Identifier="b"
          Access
            IdUse Identifier="c"
    VarDecl
      IdDecl Identifier="f9"
      Opt
      Opt
        AddExpr
          MulExpr
            Access
              IdUse Identifier="a"
            Access
              IdUse Identifier="b"
          Access
            IdUse Identifier="c"
    VarDecl
      IdDecl Identifier="f10"
      Opt
      Opt
        AddExpr
          Access
            IdUse Identifier="a"
          MulExpr
            Access
              IdUse Identifier="b"
            Access
              IdUse Identifier="c"
    VarDecl
      IdDecl Identifier="f11"
      Opt
      Opt
        Access
          IdUse Identifier="a"
    VarDecl
      IdDecl Identifier="f12"
      Opt
      Opt
        OrExpr
          Access
            IdUse Identifier="a"
          Access
            IdUse Identifier="b"
    VarDecl
      IdDecl Identifier="f13"
      Opt
      Opt
        OrExpr
          EQExpr
            Access
              IdUse Identifier="a"
            Access
              IdUse Identifier="b"
          GTExpr
            Access
              IdUse Identifier="c"
            Access
              IdUse Identifier="d"
    VarDecl
      IdDecl Identifier="f14"
      Opt
      Opt
        NotExpr
          IndexExpr
            Access
              IdUse Identifier="a"
            Access
              IdUse Identifier="i"
    VarDecl
      IdDecl Identifier="f15"
      Opt
      Opt
        NotExpr
          CallExpr
            IdUse Identifier="f"
            List
              Access
                IdUse Identifier="i"
