Module
  List
  List
    FunDecl
      IdDecl Identifier="f"
      Opt
      List
        VarDecl
          IdDecl Identifier="x"
          Opt
          Opt
      Opt
        IfStmt
          Access
            IdUse Identifier="x"
          BlockStmt
            List
              ReturnStmt
                IntConstant Value="5"
          BlockStmt
            List
              ReturnStmt
                AddExpr
                  Access
                    IdUse Identifier="x"
                  IntConstant Value="5"
    FunDecl
      IdDecl Identifier="g"
      Opt
        IntType
      List
        VarDecl
          IdDecl Identifier="x"
          Opt
          Opt
      Opt
        IfStmt
          AddExpr
            MulExpr
              Access
                IdUse Identifier="x"
              IntConstant Value="4"
            CallExpr
              IdUse Identifier="g"
              List
                Access
                  IdUse Identifier="x"
          BlockStmt
            List
              ReturnStmt
                IntConstant Value="6"
          BlockStmt
            List
              ReturnStmt
                IntConstant Value="5"
    FunDecl
      IdDecl Identifier="h"
      Opt
      List
        VarDecl
          IdDecl Identifier="x"
          Opt
          Opt
        VarDecl
          IdDecl Identifier="y"
          Opt
          Opt
      Opt
        BlockStmt
          List
            IfStmt
              GTExpr
                Access
                  IdUse Identifier="x"
                Access
                  IdUse Identifier="y"
              BlockStmt
                List
                  ReturnStmt
                    IntConstant Value="5"
              SkipStmt
            ReturnStmt
              IntConstant Value="6"
