Module
  List
  List
    FunDecl
      IdDecl Identifier="f"
      Opt
      List
        VarDecl
          IdDecl Identifier="x"
          Opt
            IntType
          Opt
      Opt
        ReturnStmt
          TypedExpr
            Access
              IdUse Identifier="x"
            IntType
    FunDecl
      IdDecl Identifier="f"
      Opt
      List
        VarDecl
          IdDecl Identifier="x"
          Opt
            ArrayType
              IntType
          Opt
      Opt
        ReturnStmt
          TypedExpr
            Access
              IdUse Identifier="x"
            ArrayType
              AnyType
