Module
  List
  List
    FunDecl
      IdDecl Identifier="f"
      Opt
      List
        VarDecl
          IdDecl Identifier="x"
          Opt
            Type
              IdUse Identifier="int"
              List
              List
          Opt
      Opt
        ReturnStmt
          TypedExpr
            Access
              IdUse Identifier="x"
            Type
              IdUse Identifier="int"
              List
              List
    FunDecl
      IdDecl Identifier="f"
      Opt
      List
        VarDecl
          IdDecl Identifier="x"
          Opt
            Type
              IdUse Identifier="array"
              List
                Type
                  IdUse Identifier="int"
                  List
                  List
              List
          Opt
      Opt
        ReturnStmt
          TypedExpr
            Access
              IdUse Identifier="x"
            Type
              IdUse Identifier="array"
              List
                Type
                  IdUse Identifier="any"
                  List
                  List
              List
