Module
  List
  List
    FunDecl
      IdDecl ID="f"
      Opt
      List
        VarDecl
          IdDecl ID="x"
          Opt
            IntType
          Opt
      Opt
        ReturnStmt
          TypedExpr
            Access
              IdUse ID="x"
            IntType
    FunDecl
      IdDecl ID="f"
      Opt
      List
        VarDecl
          IdDecl ID="x"
          Opt
            ArrayType
              IntType
          Opt
      Opt
        ReturnStmt
          TypedExpr
            Access
              IdUse ID="x"
            ArrayType
              AnyType
