Module
  List
  List
    VarDecl
      IdDecl ID="a"
      Opt
        AnyType
      Opt
    VarDecl
      IdDecl ID="b"
      Opt
        IntType
      Opt
        IntConstant Value="64"
    VarDecl
      IdDecl ID="c"
      Opt
        IntType
      Opt
        IntConstant Value="10"
    VarDecl
      IdDecl ID="d"
      Opt
        StringType
      Opt
        StringConstant Value="escaped\" string"
