Module
  List
  List
    VarDecl
      IdDecl Identifier="a"
      Opt
        Type
          IdUse Identifier="any"
          List
          List
      Opt
    VarDecl
      IdDecl Identifier="b"
      Opt
        Type
          IdUse Identifier="int"
          List
          List
      Opt
        IntConstant Value="64"
    VarDecl
      IdDecl Identifier="c"
      Opt
        Type
          IdUse Identifier="int"
          List
          List
      Opt
        IntConstant Value="10"
    VarDecl
      IdDecl Identifier="d"
      Opt
        Type
          IdUse Identifier="string"
          List
          List
      Opt
        StringConstant Value="escaped\" string"
