Module
  List
  List
    VarDecl
      IdDecl Identifier="a"
      Opt
        AnyType
      Opt
    VarDecl
      IdDecl Identifier="b"
      Opt
        IntType
      Opt
        IntConstant Value="64"
    VarDecl
      IdDecl Identifier="c"
      Opt
        IntType
      Opt
        IntConstant Value="10"
    VarDecl
      IdDecl Identifier="d"
      Opt
        StringType
      Opt
        StringConstant Value="escaped\" string"
