Module
  List
  List
    FunDecl
      IdDecl Identifier="f"
      Opt
        IntType
      List
        VarDecl
          IdDecl Identifier="a"
          Opt
            IntType
          Opt
        VarDecl
          IdDecl Identifier="b"
          Opt
          Opt
      Opt
        BlockStmt
          List
            WhileStmt
              Access
                IdUse Identifier="a"
              BlockStmt
                List
                  AssignStmt
                    Access
                      IdUse Identifier="b"
                    AddExpr
                      Access
                        IdUse Identifier="b"
                      IntConstant Value="1"
                  AssignStmt
                    Access
                      IdUse Identifier="a"
                    SubExpr
                      Access
                        IdUse Identifier="a"
                      IntConstant Value="1"
            ReturnStmt
              Access
                IdUse Identifier="b"
