Module
  List
  List
    TypeDecl
      IdDecl ID="MyType"
      List
        TypeVarDecl
          IdDecl ID="typeVar1"
        TypeVarDecl
          IdDecl ID="typeVar2"
      List
        Type
          IdUse ID="MyOtherType"
          List
          List
            TypeQualifier
              IdUse ID="Qual1"
              List
                Type
                  IdUse ID="typeVar1"
                  List
                  List
              List
                IntConstant Value="0"
      List
    TypeDecl
      IdDecl ID="MyType"
      List
        TypeVarDecl
          IdDecl ID="TypeVar"
      List
        Type
          IdUse ID="SuperType1"
          List
          List
        Type
          IdUse ID="SimpleType"
          List
          List
            TypeQualifier
              IdUse ID="MyQualifier"
              List
                Type
                  IdUse ID="TypeArg"
                  List
                  List
              List
                Access
                  IdUse ID="FuncArg"
      List
        VarDeclElt
          VarDecl
            IdDecl ID="v"
            Opt
              Type
                IdUse ID="typeVar1"
                List
                List
            Opt
        FunDeclElt
          FunDecl
            IdDecl ID="f"
            Opt
              Type
                IdUse ID="typeVar2"
                List
                List
            List
            Opt
              ReturnStmt
                IntConstant Value="0"
