Program
  List
  List
    FunDecl
      IdDecl ID="func1"
      Opt
        Type
          IdUse ID="RetType"
          List
          List
      List
      Opt
    FunDecl
      IdDecl ID="func2"
      Opt
        Type
          IdUse ID="RetType"
          List
          List
      List
        VarDecl
          IdDecl ID="x"
          Opt
          Opt
        VarDecl
          IdDecl ID="y"
          Opt
          Opt
      Opt
    FunDecl
      IdDecl ID="func3"
      Opt
        Type
          IdUse ID="MyType"
          List
          List
            TypeQualifier
              IdUse ID="Qualifier"
              List
                Type
                  IdUse ID="QT"
                  List
                  List
              List
                Access
                  IdUse ID="qf"
      List
        VarDecl
          IdDecl ID="x"
          Opt
            Type
              IdUse ID="TypeOfX"
              List
              List
          Opt
        VarDecl
          IdDecl ID="y"
          Opt
          Opt
        VarDecl
          IdDecl ID="z"
          Opt
            Type
              IdUse ID="TypeOfZ"
              List
              List
          Opt
      Opt
    FunDecl
      IdDecl ID="func4"
      Opt
      List
      Opt
        BlockStmt
          List
    FunDecl
      IdDecl ID="func5"
      Opt
      List
        VarDecl
          IdDecl ID="x"
          Opt
          Opt
      Opt
        IfStmt
          Access
            IdUse ID="x"
          BlockStmt
            List
              ReturnStmt
                IntConstant Value="5"
          BlockStmt
            List
              ReturnStmt
                IntConstant Value="6"
