Program
  List
    FunctionDecl
      IdUse ID="int"
      IdDecl ID="a"
      List
      List
        DeclStmt
          VarDecl
            IdUse ID="int"
            IdDecl ID="x"
        DeclStmt
          VarDecl
            IdUse ID="int"
            IdDecl ID="y"
        ExprStmt
          AssignExpr
            Variable
              IdUse ID="x"
            IntConstant Value="5"
        ExprStmt
          AssignExpr
            Variable
              IdUse ID="y"
            Variable
              IdUse ID="x"
        ReturnStmt
          Variable
            IdUse ID="y"
