Program
  List
  List
    QualifierDecl
      IdDecl ID="Qual1"
      List
        TypeVarDecl
          IdDecl ID="t1"
        TypeVarDecl
          IdDecl ID="t2"
      List
      List
      List
        VarDecl
          IdDecl ID="a1"
          Opt
          Opt
        VarDecl
          IdDecl ID="a2"
          Opt
            Type
              IdUse ID="t2"
              List
              List
          Opt
    QualifierDecl
      IdDecl ID="Qual2"
      List
      List
      List
      List
        VarDecl
          IdDecl ID="a1"
          Opt
          Opt
        VarDecl
          IdDecl ID="a2"
          Opt
            Type
              IdUse ID="t2"
              List
              List
          Opt
    QualifierDecl
      IdDecl ID="Qual3"
      List
        TypeVarDecl
          IdDecl ID="t1"
        TypeVarDecl
          IdDecl ID="t2"
      List
        Type
          IdUse ID="Qual4"
          List
          List
        Type
          IdUse ID="Qual5"
          List
          List
      List
      List
        VarDecl
          IdDecl ID="x"
          Opt
          Opt
        VarDecl
          IdDecl ID="y"
          Opt
          Opt
    QualifierDecl
      IdDecl ID="Qual4"
      List
        TypeVarDecl
          IdDecl ID="t1"
        TypeVarDecl
          IdDecl ID="t2"
      List
        Type
          IdUse ID="Qual4"
          List
          List
        Type
          IdUse ID="Qual5"
          List
          List
      List
      List
    QualifierDecl
      IdDecl ID="Qual4"
      List
        TypeVarDecl
          IdDecl ID="t1"
        TypeVarDecl
          IdDecl ID="t2"
      List
        Type
          IdUse ID="Qual4"
          List
          List
        Type
          IdUse ID="Qual5"
          List
          List
      List
      List
        VarDecl
          IdDecl ID="x"
          Opt
          Opt
