Program
  List
  List
    FunDecl
      IdDecl ID="f"
      Opt
      List
        VarDecl
          IdDecl ID="x"
          Opt
            Type
              IdUse ID="int"
              List
              List
          Opt
      Opt
        ReturnStmt
          TypedExpr
            Access
              IdUse ID="x"
            Type
              IdUse ID="int"
              List
              List
    FunDecl
      IdDecl ID="f"
      Opt
      List
        VarDecl
          IdDecl ID="x"
          Opt
            Type
              IdUse ID="T"
              List
                Type
                  IdUse ID="a"
                  List
                  List
                Type
                  IdUse ID="b"
                  List
                  List
                Type
                  IdUse ID="c"
                  List
                  List
              List
          Opt
      Opt
        ReturnStmt
          TypedExpr
            Access
              IdUse ID="x"
            Type
              IdUse ID="T"
              List
                Type
                  IdUse ID="a"
                  List
                  List
              List
