Program
  List
  List
    VarDecl
      IdDecl ID="a"
      Opt
        Type
          IdUse ID="MyType"
          List
          List
      Opt
    VarDecl
      IdDecl ID="b"
      Opt
        Type
          IdUse ID="int"
          List
          List
      Opt
        IntConstant Value="64"
    VarDecl
      IdDecl ID="c"
      Opt
        Type
          IdUse ID="int"
          List
          List
      Opt
        IntConstant Value="10"
    VarDecl
      IdDecl ID="d"
      Opt
        Type
          IdUse ID="String"
          List
          List
      Opt
        StringConstant Value="escaped\" string"
    VarDecl
      IdDecl ID="e"
      Opt
        Type
          IdUse ID="TypeId"
          List
          List
            TypeQualifier
              IdUse ID="QualId2"
              List
              List
                Access
                  IdUse ID="funActual2"
            TypeQualifier
              IdUse ID="QualId"
              List
                Type
                  IdUse ID="typeActual"
                  List
                  List
              List
                Access
                  IdUse ID="funActual"
      Opt
        IntConstant Value="5"
