Program
  List
  List
    VarDecl
      IdDecl ID="a"
      Opt
        SimpleType
          IdUse ID="MyType"
          List
      Opt
    VarDecl
      IdDecl ID="b"
      Opt
        SimpleType
          IdUse ID="int"
          List
      Opt
        IntConstant Value="64"
    VarDecl
      IdDecl ID="c"
      Opt
        SimpleType
          IdUse ID="int"
          List
      Opt
        IntConstant Value="10"
    VarDecl
      IdDecl ID="d"
      Opt
        SimpleType
          IdUse ID="String"
          List
      Opt
        StringConstant Value="escaped\" string"
    VarDecl
      IdDecl ID="e"
      Opt
        QualifiedType
          QualifiedType
            SimpleType
              IdUse ID="TypeId"
              List
            TypeQualifier
              IdUse ID="QualId2"
              List
              List
                Access
                  IdUse ID="funActual2"
          TypeQualifier
            IdUse ID="QualId"
            List
              SimpleType
                IdUse ID="typeActual"
                List
            List
              Access
                IdUse ID="funActual"
      Opt
        IntConstant Value="5"
