testfiles/semacheck/lvalue-simple.in[1:4-1:4]: Illegal target expression for assignment.
testfiles/semacheck/lvalue-simple.in[3:5-3:7]: Illegal target expression for assignment.
testfiles/semacheck/lvalue-simple.in[4:5-4:9]: Illegal target expression for assignment.
testfiles/semacheck/lvalue-simple.in[5:5-5:9]: Illegal target expression for assignment.
testfiles/semacheck/lvalue-simple.in[6:5-6:10]: Illegal target expression for assignment.
testfiles/semacheck/lvalue-simple.in[7:5-7:8]: Illegal target expression for assignment.
testfiles/semacheck/lvalue-simple.in[9:5-9:8]: Illegal target expression for assignment.
testfiles/semacheck/lvalue-simple.in[13:5-13:8]: Illegal target expression for assignment.
