Entry#0 @ 1 :
  -> Access#0
VarDecl#0 @ 1 :
ReturnStmt#0 @ 2 :
  -> Exit#0
Access#0 @ 2 :
  -> IntConstant#0
AddExpr#0 @ 2 :
  -> IntConstant#1
AddExpr#1 @ 2 :
  -> ReturnStmt#0
IntConstant#0 @ 2 :
  -> Access#1
MulExpr#0 @ 2 :
  -> AddExpr#0
Access#1 @ 2 :
  -> MulExpr#0
IntConstant#1 @ 2 :
  -> AddExpr#1
Exit#0 @ 3 :
