Entry#0 @ 1 :
  -> IntConstant#0
VarDecl#0 @ 1 :
Access#0 @ 2 :
  -> AssignStmt#0
AssignStmt#0 @ 2 :
  -> Access#1
IntConstant#0 @ 2 :
  -> Access#0
VarDecl#1 @ 3 :
  -> Access#2
Access#1 @ 3 :
  -> IntConstant#1
AddExpr#0 @ 3 :
  -> VarDecl#1
IntConstant#1 @ 3 :
  -> AddExpr#0
ReturnStmt#0 @ 4 :
  -> Exit#0
Access#2 @ 4 :
  -> ReturnStmt#0
Exit#0 @ 5 :
