Entry#0 @ 1 :
  -> Access#0
VarDecl#0 @ 1 :
Access#0 @ 2 :
  -> IntConstant#0
  -> Access#1
ReturnStmt#0 @ 3 :
  -> Exit#0
IntConstant#0 @ 3 :
  -> ReturnStmt#0
GTExpr#0 @ 5 :
  -> IntConstant#2
  -> Null#0
Access#1 @ 5 :
  -> IntConstant#1
IntConstant#1 @ 5 :
  -> GTExpr#0
Access#2 @ 6 :
  -> AssignStmt#0
AssignStmt#0 @ 6 :
  -> Null#0
IntConstant#2 @ 6 :
  -> Access#2
ReturnStmt#1 @ 9 :
  -> Exit#0
Null#0 @ 9 :
  -> ReturnStmt#1
Exit#0 @ 10 :
