Module
  List
  List
    ClassDecl
      IdDecl Identifier="MyClass"
      List
      List
      List
      List
    ClassDecl
      IdDecl Identifier="MyClass"
      List
        TypeVarDecl
          IdDecl Identifier="MyType1"
        TypeVarDecl
          IdDecl Identifier="MyType2"
      List
      List
      List
    ClassDecl
      IdDecl Identifier="MyClass"
      List
      List
      List
      List
        VarDecl
          IdDecl Identifier="arg1"
          Opt
          Opt
        VarDecl
          IdDecl Identifier="arg2"
          Opt
          Opt
    ClassDecl
      IdDecl Identifier="MyClass"
      List
      List
        Type
          IdUse Identifier="Super1"
          List
          List
        Type
          IdUse Identifier="Super2"
          List
          List
      List
      List
    ClassDecl
      IdDecl Identifier="MyClass"
      List
        TypeVarDecl
          IdDecl Identifier="MyType1"
        TypeVarDecl
          IdDecl Identifier="MyType2"
      List
      List
      List
        VarDecl
          IdDecl Identifier="arg1"
          Opt
          Opt
        VarDecl
          IdDecl Identifier="args2"
          Opt
          Opt
    ClassDecl
      IdDecl Identifier="MyClass"
      List
        TypeVarDecl
          IdDecl Identifier="MyType1"
        TypeVarDecl
          IdDecl Identifier="MyType2"
      List
        Type
          IdUse Identifier="Super1"
          List
          List
        Type
          IdUse Identifier="Super2"
          List
            Type
              IdUse Identifier="MyType3"
              List
              List
            Type
              IdUse Identifier="MyType4"
              List
              List
          List
      List
      List
    ClassDecl
      IdDecl Identifier="MyClass"
      List
      List
        Type
          IdUse Identifier="Super1"
          List
          List
        Type
          IdUse Identifier="Super2"
          List
            Type
              IdUse Identifier="MyType3"
              List
              List
            Type
              IdUse Identifier="MyType4"
              List
              List
          List
      List
      List
        VarDecl
          IdDecl Identifier="arg1"
          Opt
          Opt
        VarDecl
          IdDecl Identifier="arg2"
          Opt
          Opt
    ClassDecl
      IdDecl Identifier="MyClass"
      List
      List
      List
        VarDeclElt
          VarDecl
            IdDecl Identifier="v"
            Opt
              Type
                IdUse Identifier="MyType"
                List
                List
            Opt
        VarDeclElt
          VarDecl
            IdDecl Identifier="w"
            Opt
              Type
                IdUse Identifier="T"
                List
                List
            Opt
              Access
                IdUse Identifier="v"
        FunDeclElt
          FunDecl
            IdDecl Identifier="f"
            Opt
            List
              VarDecl
                IdDecl Identifier="a"
                Opt
                Opt
            Opt
              ReturnStmt
                Access
                  IdUse Identifier="a"
      List
