Module
  List
  List
    FunDecl
      IdDecl Identifier="f"
      Opt
      List
        VarDecl
          IdDecl Identifier="n"
          Opt
          Opt
      Opt
        BlockStmt
          List
            ForStmt
              VarDecl
                IdDecl Identifier="i"
                Opt
                  Type
                    IdUse Identifier="T"
                    List
                    List
                Opt
              CallExpr
                IdUse Identifier="range"
                List
                  Access
                    IdUse Identifier="n"
              BlockStmt
                List
                  ExprStmt
                    CallExpr
                      IdUse Identifier="g"
                      List
                        Access
                          IdUse Identifier="i"
            ForStmt
              VarDecl
                IdDecl Identifier="i"
                Opt
                  Type
                    IdUse Identifier="T"
                    List
                    List
                Opt
              CallExpr
                IdUse Identifier="range"
                List
                  Access
                    IdUse Identifier="n"
              BlockStmt
                List
                  ExprStmt
                    CallExpr
                      IdUse Identifier="g"
                      List
                        Access
                          IdUse Identifier="i"
            ReturnStmt
              IntConstant Value="0"
