Module
  List
  List
    FunDecl
      IdDecl Identifier="func1"
      Opt
        Type
          IdUse Identifier="RetType"
          List
          List
      List
      Opt
    FunDecl
      IdDecl Identifier="func2"
      Opt
        Type
          IdUse Identifier="RetType"
          List
          List
      List
        VarDecl
          IdDecl Identifier="x"
          Opt
          Opt
        VarDecl
          IdDecl Identifier="y"
          Opt
          Opt
      Opt
    FunDecl
      IdDecl Identifier="func3"
      Opt
        Type
          IdUse Identifier="MyType"
          List
          List
            TypeQualifier
              IdUse Identifier="Qualifier"
              List
                Type
                  IdUse Identifier="QT"
                  List
                  List
              List
                Access
                  IdUse Identifier="qf"
      List
        VarDecl
          IdDecl Identifier="x"
          Opt
            Type
              IdUse Identifier="TypeOfX"
              List
              List
          Opt
        VarDecl
          IdDecl Identifier="y"
          Opt
          Opt
        VarDecl
          IdDecl Identifier="z"
          Opt
            Type
              IdUse Identifier="TypeOfZ"
              List
              List
          Opt
      Opt
    FunDecl
      IdDecl Identifier="func4"
      Opt
      List
      Opt
        BlockStmt
          List
    FunDecl
      IdDecl Identifier="func5"
      Opt
      List
        VarDecl
          IdDecl Identifier="x"
          Opt
          Opt
      Opt
        IfStmt
          Access
            IdUse Identifier="x"
          BlockStmt
            List
              ReturnStmt
                IntConstant Value="5"
          BlockStmt
            List
              ReturnStmt
                IntConstant Value="6"
