Module
  List
  List
    QualifierDecl
      IdDecl Identifier="Qual1"
      List
        TypeVarDecl
          IdDecl Identifier="t1"
        TypeVarDecl
          IdDecl Identifier="t2"
      List
      List
      List
        VarDecl
          IdDecl Identifier="a1"
          Opt
          Opt
        VarDecl
          IdDecl Identifier="a2"
          Opt
            Type
              IdUse Identifier="t2"
              List
              List
          Opt
    QualifierDecl
      IdDecl Identifier="Qual2"
      List
      List
      List
      List
        VarDecl
          IdDecl Identifier="a1"
          Opt
          Opt
        VarDecl
          IdDecl Identifier="a2"
          Opt
            Type
              IdUse Identifier="t2"
              List
              List
          Opt
    QualifierDecl
      IdDecl Identifier="Qual3"
      List
        TypeVarDecl
          IdDecl Identifier="t1"
        TypeVarDecl
          IdDecl Identifier="t2"
      List
        Type
          IdUse Identifier="Qual4"
          List
          List
        Type
          IdUse Identifier="Qual5"
          List
          List
      List
      List
        VarDecl
          IdDecl Identifier="x"
          Opt
          Opt
        VarDecl
          IdDecl Identifier="y"
          Opt
          Opt
    QualifierDecl
      IdDecl Identifier="Qual4"
      List
        TypeVarDecl
          IdDecl Identifier="t1"
        TypeVarDecl
          IdDecl Identifier="t2"
      List
        Type
          IdUse Identifier="Qual4"
          List
          List
        Type
          IdUse Identifier="Qual5"
          List
          List
      List
      List
    QualifierDecl
      IdDecl Identifier="Qual4"
      List
        TypeVarDecl
          IdDecl Identifier="t1"
        TypeVarDecl
          IdDecl Identifier="t2"
      List
        Type
          IdUse Identifier="Qual4"
          List
          List
        Type
          IdUse Identifier="Qual5"
          List
          List
      List
      List
        VarDecl
          IdDecl Identifier="x"
          Opt
          Opt
