Module
  List
  List
    TypeDecl
      IdDecl Identifier="MyType"
      List
        TypeVarDecl
          IdDecl Identifier="typeVar1"
        TypeVarDecl
          IdDecl Identifier="typeVar2"
      List
        Type
          IdUse Identifier="MyOtherType"
          List
          List
            TypeQualifier
              IdUse Identifier="Qual1"
              List
                Type
                  IdUse Identifier="typeVar1"
                  List
                  List
              List
                IntConstant Value="0"
      List
    TypeDecl
      IdDecl Identifier="MyType"
      List
        TypeVarDecl
          IdDecl Identifier="TypeVar"
      List
        Type
          IdUse Identifier="SuperType1"
          List
          List
        Type
          IdUse Identifier="SimpleType"
          List
          List
            TypeQualifier
              IdUse Identifier="MyQualifier"
              List
                Type
                  IdUse Identifier="TypeArg"
                  List
                  List
              List
                Access
                  IdUse Identifier="FuncArg"
      List
        VarDeclElt
          VarDecl
            IdDecl Identifier="v"
            Opt
              Type
                IdUse Identifier="typeVar1"
                List
                List
            Opt
        FunDeclElt
          FunDecl
            IdDecl Identifier="f"
            Opt
              Type
                IdUse Identifier="typeVar2"
                List
                List
            List
            Opt
              ReturnStmt
                IntConstant Value="0"
