Module
  List
  List
    FunDecl
      IdDecl Identifier="f"
      Opt
      List
        VarDecl
          IdDecl Identifier="x"
          Opt
            Type
              IdUse Identifier="int"
              List
              List
          Opt
      Opt
        ReturnStmt
          TypedExpr
            Access
              IdUse Identifier="x"
            Type
              IdUse Identifier="int"
              List
              List
    FunDecl
      IdDecl Identifier="f"
      Opt
      List
        VarDecl
          IdDecl Identifier="x"
          Opt
            Type
              IdUse Identifier="T"
              List
                Type
                  IdUse Identifier="a"
                  List
                  List
                Type
                  IdUse Identifier="b"
                  List
                  List
                Type
                  IdUse Identifier="c"
                  List
                  List
              List
          Opt
      Opt
        ReturnStmt
          TypedExpr
            Access
              IdUse Identifier="x"
            Type
              IdUse Identifier="T"
              List
                Type
                  IdUse Identifier="a"
                  List
                  List
              List
