Module
  List
  List
    VarDecl
      IdDecl Identifier="a"
      Opt
        Type
          IdUse Identifier="MyType"
          List
          List
      Opt
    VarDecl
      IdDecl Identifier="b"
      Opt
        Type
          IdUse Identifier="int"
          List
          List
      Opt
        IntConstant Value="64"
    VarDecl
      IdDecl Identifier="c"
      Opt
        Type
          IdUse Identifier="int"
          List
          List
      Opt
        IntConstant Value="10"
    VarDecl
      IdDecl Identifier="d"
      Opt
        Type
          IdUse Identifier="String"
          List
          List
      Opt
        StringConstant Value="escaped\" string"
    VarDecl
      IdDecl Identifier="e"
      Opt
        Type
          IdUse Identifier="TypeId"
          List
          List
            TypeQualifier
              IdUse Identifier="QualId2"
              List
              List
                Access
                  IdUse Identifier="funActual2"
            TypeQualifier
              IdUse Identifier="QualId"
              List
                Type
                  IdUse Identifier="typeActual"
                  List
                  List
              List
                Access
                  IdUse Identifier="funActual"
      Opt
        IntConstant Value="5"
